Flow report for lab2
Tue Nov 04 20:10:53 2025
Quartus Prime Version 20.1.0 Build 711 06/05/2020 SJ Standard Edition


---------------------
; Table of Contents ;
---------------------
  1. Legal Notice
  2. Flow Summary
  3. Flow Settings
  4. Flow Non-Default Global Settings
  5. Flow Elapsed Time
  6. Flow OS Summary
  7. Flow Log
  8. Flow Messages
  9. Flow Suppressed Messages



----------------
; Legal Notice ;
----------------
Copyright (C) 2020  Intel Corporation. All rights reserved.
Your use of Intel Corporation's design tools, logic functions 
and other software and tools, and any partner logic 
functions, and any output files from any of the foregoing 
(including device programming or simulation files), and any 
associated documentation or information are expressly subject 
to the terms and conditions of the Intel Program License 
Subscription Agreement, the Intel Quartus Prime License Agreement,
the Intel FPGA IP License Agreement, or other applicable license
agreement, including, without limitation, that your use is for
the sole purpose of programming logic devices manufactured by
Intel and sold by Intel or its authorized distributors.  Please
refer to the applicable agreement for further details, at
https://fpgasoftware.intel.com/eula.



+-------------------------------------------------------------------------------+
; Flow Summary                                                                  ;
+-----------------------------+-------------------------------------------------+
; Flow Status                 ; Successful - Tue Nov 04 20:10:53 2025           ;
; Quartus Prime Version       ; 20.1.0 Build 711 06/05/2020 SJ Standard Edition ;
; Revision Name               ; lab2                                            ;
; Top-level Entity Name       ; lab2                                            ;
; Family                      ; Arria 10                                        ;
; Device                      ; 10AX115N1F45I1SG                                ;
; Timing Models               ; Final                                           ;
; Logic utilization (in ALMs) ; 2,220 / 427,200 ( < 1 % )                       ;
; Total registers             ; 8464                                            ;
; Total pins                  ; 1 / 992 ( < 1 % )                               ;
; Total virtual pins          ; 93                                              ;
; Total block memory bits     ; 0 / 55,562,240 ( 0 % )                          ;
; Total DSP Blocks            ; 9 / 1,518 ( < 1 % )                             ;
; Total HSSI RX channels      ; 0 / 48 ( 0 % )                                  ;
; Total HSSI TX channels      ; 0 / 48 ( 0 % )                                  ;
; Total PLLs                  ; 0 / 112 ( 0 % )                                 ;
+-----------------------------+-------------------------------------------------+


+-----------------------------------------+
; Flow Settings                           ;
+-------------------+---------------------+
; Option            ; Setting             ;
+-------------------+---------------------+
; Start date & time ; 11/04/2025 20:06:05 ;
; Main task         ; Compilation         ;
; Revision Name     ; lab2                ;
+-------------------+---------------------+


+-------------------------------------------------------------------------------------------------------------------------------------------------+
; Flow Non-Default Global Settings                                                                                                                ;
+--------------------------------------+----------------------------------------+---------------+-------------+-----------------------------------+
; Assignment Name                      ; Value                                  ; Default Value ; Entity Name ; Section Id                        ;
+--------------------------------------+----------------------------------------+---------------+-------------+-----------------------------------+
; COMPILER_SIGNATURE_ID                ; 10995770589188.176230476520112         ; --            ; --          ; --                                ;
; EDA_DESIGN_INSTANCE_NAME             ; dut                                    ; --            ; --          ; lab2_tb                           ;
; EDA_ENABLE_GLITCH_FILTERING          ; On                                     ; --            ; --          ; eda_simulation                    ;
; EDA_GENERATE_FUNCTIONAL_NETLIST      ; Off                                    ; --            ; --          ; eda_board_design_timing           ;
; EDA_GENERATE_FUNCTIONAL_NETLIST      ; Off                                    ; --            ; --          ; eda_board_design_boundary_scan    ;
; EDA_GENERATE_FUNCTIONAL_NETLIST      ; Off                                    ; --            ; --          ; eda_board_design_signal_integrity ;
; EDA_GENERATE_FUNCTIONAL_NETLIST      ; Off                                    ; --            ; --          ; eda_board_design_symbol           ;
; EDA_MAP_ILLEGAL_CHARACTERS           ; On                                     ; --            ; --          ; eda_simulation                    ;
; EDA_NATIVELINK_SIMULATION_TEST_BENCH ; lab2_tb                                ; --            ; --          ; eda_simulation                    ;
; EDA_OUTPUT_DATA_FORMAT               ; Verilog Hdl                            ; --            ; --          ; eda_simulation                    ;
; EDA_SIMULATION_TOOL                  ; ModelSim (Verilog)                     ; <None>        ; --          ; --                                ;
; EDA_TEST_BENCH_DESIGN_INSTANCE_NAME  ; dut                                    ; --            ; --          ; eda_simulation                    ;
; EDA_TEST_BENCH_ENABLE_STATUS         ; TEST_BENCH_MODE                        ; --            ; --          ; eda_simulation                    ;
; EDA_TEST_BENCH_FILE                  ; lab2_tb.sv                             ; --            ; --          ; lab2_tb                           ;
; EDA_TEST_BENCH_MODULE_NAME           ; lab2_tb                                ; --            ; --          ; lab2_tb                           ;
; EDA_TEST_BENCH_NAME                  ; lab2_tb                                ; --            ; --          ; eda_simulation                    ;
; EDA_TIME_SCALE                       ; 1 ps                                   ; --            ; --          ; eda_simulation                    ;
; EDA_WRITE_NODES_FOR_POWER_ESTIMATION ; ALL_NODES                              ; --            ; --          ; eda_simulation                    ;
; MAX_CORE_JUNCTION_TEMP               ; 100                                    ; --            ; --          ; --                                ;
; MIN_CORE_JUNCTION_TEMP               ; 0                                      ; --            ; --          ; --                                ;
; NUM_PARALLEL_PROCESSORS              ; 4                                      ; --            ; --          ; --                                ;
; PARTITION_COLOR                      ; -- (Not supported for targeted family) ; --            ; --          ; Top                               ;
; PARTITION_FITTER_PRESERVATION_LEVEL  ; -- (Not supported for targeted family) ; --            ; --          ; Top                               ;
; PARTITION_NETLIST_TYPE               ; -- (Not supported for targeted family) ; --            ; --          ; Top                               ;
; POWER_BOARD_THERMAL_MODEL            ; None (CONSERVATIVE)                    ; --            ; --          ; --                                ;
; POWER_DEFAULT_INPUT_IO_TOGGLE_RATE   ; 12.5 %                                 ; 12.5%         ; --          ; --                                ;
; POWER_INPUT_FILE_NAME                ; simulation/modelsim/lab2.vcd           ; --            ; --          ; lab2.vcd                          ;
; POWER_PRESET_COOLING_SOLUTION        ; 23 MM HEAT SINK WITH 200 LFPM AIRFLOW  ; --            ; --          ; --                                ;
; POWER_REPORT_SIGNAL_ACTIVITY         ; On                                     ; Off           ; --          ; --                                ;
; POWER_USE_INPUT_FILES                ; On                                     ; Off           ; --          ; --                                ;
; PROJECT_OUTPUT_DIRECTORY             ; output_files                           ; --            ; --          ; --                                ;
+--------------------------------------+----------------------------------------+---------------+-------------+-----------------------------------+


+--------------------------------------------------------------------------------------------------------------------------+
; Flow Elapsed Time                                                                                                        ;
+----------------------+--------------+-------------------------+---------------------+------------------------------------+
; Module Name          ; Elapsed Time ; Average Processors Used ; Peak Virtual Memory ; Total CPU Time (on all processors) ;
+----------------------+--------------+-------------------------+---------------------+------------------------------------+
; Analysis & Synthesis ; 00:00:16     ; 1.2                     ; 4900 MB             ; 00:00:05                           ;
; Fitter               ; 00:03:14     ; 1.3                     ; 12359 MB            ; 00:04:04                           ;
; Assembler            ; 00:00:57     ; 1.0                     ; 10867 MB            ; 00:00:31                           ;
; Timing Analyzer      ; 00:00:10     ; 1.1                     ; 7205 MB             ; 00:00:08                           ;
; EDA Netlist Writer   ; 00:00:01     ; 1.0                     ; 4805 MB             ; 00:00:00                           ;
; Total                ; 00:04:38     ; --                      ; --                  ; 00:04:48                           ;
+----------------------+--------------+-------------------------+---------------------+------------------------------------+


+------------------------------------------------------------------------------------+
; Flow OS Summary                                                                    ;
+----------------------+------------------+------------+------------+----------------+
; Module Name          ; Machine Hostname ; OS Name    ; OS Version ; Processor type ;
+----------------------+------------------+------------+------------+----------------+
; Analysis & Synthesis ; Hans-Laptop-ROG  ; Windows 10 ; 10.0       ; x86_64         ;
; Fitter               ; Hans-Laptop-ROG  ; Windows 10 ; 10.0       ; x86_64         ;
; Assembler            ; Hans-Laptop-ROG  ; Windows 10 ; 10.0       ; x86_64         ;
; Timing Analyzer      ; Hans-Laptop-ROG  ; Windows 10 ; 10.0       ; x86_64         ;
; EDA Netlist Writer   ; Hans-Laptop-ROG  ; Windows 10 ; 10.0       ; x86_64         ;
+----------------------+------------------+------------+------------+----------------+


------------
; Flow Log ;
------------
quartus_map --read_settings_files=on --write_settings_files=off lab2 -c lab2
quartus_fit --read_settings_files=off --write_settings_files=off lab2 -c lab2
quartus_asm --read_settings_files=off --write_settings_files=off lab2 -c lab2
quartus_sta lab2 -c lab2
quartus_eda --read_settings_files=off --write_settings_files=off lab2 -c lab2



